INFO 2023-10-01T09:00:00Z Application started
DEBUG 2023-10-01T10:01:00Z Loaded configuration file
WARNING 2023-10-02T11:02:00Z Disk space is low
ERROR 2023-10-03T12:03:00Z Failed to connect to database
INFO 2023-10-04T13:04:00Z User login successful
DEBUG 2023-10-05T14:05:00Z Query executed: SELECT * FROM users
WARNING 2023-10-06T15:06:00Z High memory usage detected
INFO 2023-10-07T16:07:00Z Scheduled backup started
ERROR 2023-10-08T17:08:00Z Network timeout error
DEBUG 2023-10-09T18:09:00Z User session extended
INFO 2023-10-10T19:10:00Z New user registered
WARNING 2023-10-11T20:11:00Z CPU temperature high
ERROR 2023-10-12T11:12:00Z File not found exception
DEBUG 2023-10-13T13:13:00Z Cache cleared successfully
INFO 2023-10-14T14:14:00Z Payment processed for invoice #12345
DEBUG 2023-10-15T15:15:00Z Debug information for troubleshooting
WARNING 2023-10-16T16:16:00Z Deprecated API usage detected
ERROR 2023-10-17T17:17:00Z Unauthorized access attempt
INFO 2023-10-18T18:18:00Z System health check passed
DEBUG 2023-10-19T19:19:00Z Session token generated
WARNING 2023-10-20T20:20:00Z Service response time is slow
ERROR 2023-10-21T21:21:00Z Data synchronization error
DEBUG 2023-10-22T11:22:00Z Loading user preferences
INFO 2023-10-23T12:23:00Z Application shutdown initiated
WARNING 2023-10-24T13:24:00Z Insufficient permissions for operation
ERROR 2023-10-25T14:25:00Z Encryption error during process
DEBUG 2023-10-26T15:26:00Z Fetching data from service
INFO 2023-10-27T16:27:00Z System maintenance completed
WARNING 2023-10-28T17:28:00Z Expired certificate detected
DEBUG 2023-10-29T18:29:00Z User preferences updated
INFO 2023-10-30T19:30:00Z Database backup successful
ERROR 2023-10-31T20:31:00Z Out of memory exception
WARNING 2023-11-01T09:32:00Z Response time degraded
INFO 2023-11-02T10:33:00Z License renewed successfully
DEBUG 2023-11-03T11:34:00Z Diagnostic check completed
ERROR 2023-11-04T12:35:00Z User authentication failed
WARNING 2023-11-05T13:36:00Z Potential data inconsistency found
DEBUG 2023-11-06T14:37:00Z Configuration reload triggered
INFO 2023-11-07T15:38:00Z New feature flag enabled
ERROR 2023-11-08T16:39:00Z API quota exceeded
WARNING 2023-11-09T17:40:00Z Service will be deprecated soon
DEBUG 2023-11-10T18:41:00Z Temporary files cleaned up
INFO 2023-11-11T19:42:00Z Scheduled task executed
ERROR 2023-11-12T20:43:00Z Database connection lost
WARNING 2023-11-13T21:44:00Z Non-responsive service detected
DEBUG 2023-11-14T11:45:00Z Start sequence completed
INFO 2023-11-15T12:46:00Z User profile updated